<?xml version="1.0" encoding="utf-8"?><testsuites name="pytest tests"><testsuite name="pytest" errors="0" failures="0" skipped="2" tests="157" time="1.491" timestamp="2025-12-07T14:24:12.661659-08:00" hostname="MacBookPro.lan"><testcase classname="tests.integration.test_e2e_cross_reference.TestE2EWithMockLLM" name="test_full_workflow_returns_annotation" time="0.289" /><testcase classname="tests.integration.test_e2e_cross_reference.TestE2EWithMockLLM" name="test_full_workflow_returns_citations" time="0.024" /><testcase classname="tests.integration.test_e2e_cross_reference.TestE2EWithMockLLM" name="test_full_workflow_returns_tier_coverage" time="0.023" /><testcase classname="tests.integration.test_e2e_cross_reference.TestE2EWithMockLLM" name="test_tier_filtering_respects_config" time="0.022" /><testcase classname="tests.integration.test_e2e_cross_reference.TestE2EWithMockLLM" name="test_processing_time_is_recorded" time="0.023" /><testcase classname="tests.integration.test_e2e_cross_reference.TestE2EWorkflowSteps" name="test_analyze_source_extracts_concepts" time="0.019" /><testcase classname="tests.integration.test_e2e_cross_reference.TestE2EWorkflowSteps" name="test_full_workflow_produces_result" time="0.020" /><testcase classname="tests.integration.test_e2e_cross_reference.TestE2EWithRealLLM" name="test_real_llm_produces_annotation" time="0.000"><skipped type="pytest.skip" message="Requires real LLM integration - run manually with LLM_API_KEY">/Users/kevintoles/POC/ai-agents/tests/integration/test_e2e_cross_reference.py:523: Requires real LLM integration - run manually with LLM_API_KEY</skipped></testcase><testcase classname="tests.integration.test_e2e_cross_reference.TestE2EWithRealLLM" name="test_real_llm_citations_are_valid" time="0.000"><skipped type="pytest.skip" message="Requires real LLM integration - run manually with LLM_API_KEY">/Users/kevintoles/POC/ai-agents/tests/integration/test_e2e_cross_reference.py:545: Requires real LLM integration - run manually with LLM_API_KEY</skipped></testcase><testcase classname="tests.integration.test_e2e_cross_reference.TestE2EErrorScenarios" name="test_handles_llm_client_failure" time="0.024" /><testcase classname="tests.integration.test_e2e_cross_reference.TestE2EErrorScenarios" name="test_handles_empty_search_results" time="0.024" /><testcase classname="tests.integration.test_workflow_integration.TestFullWorkflowIntegration" name="test_full_workflow_with_all_mocks" time="0.022" /><testcase classname="tests.integration.test_workflow_integration.TestFullWorkflowIntegration" name="test_workflow_without_external_services" time="0.019" /><testcase classname="tests.integration.test_workflow_integration.TestFullWorkflowIntegration" name="test_workflow_tier_filtering" time="0.021" /><testcase classname="tests.integration.test_workflow_integration.TestWorkflowNodeInteraction" name="test_concepts_flow_to_search" time="0.021" /><testcase classname="tests.integration.test_workflow_integration.TestWorkflowNodeInteraction" name="test_matches_flow_to_traversal" time="0.023" /><testcase classname="tests.integration.test_workflow_integration.TestCitationGeneration" name="test_citations_are_chicago_format" time="0.020" /><testcase classname="tests.unit.api.test_cross_reference.TestCrossReferenceRouter" name="test_router_is_fastapi_router" time="0.001" /><testcase classname="tests.unit.api.test_cross_reference.TestCrossReferenceRouter" name="test_router_has_correct_prefix" time="0.000" /><testcase classname="tests.unit.api.test_cross_reference.TestCrossReferenceRouter" name="test_router_has_correct_tags" time="0.000" /><testcase classname="tests.unit.api.test_cross_reference.TestCrossReferenceEndpoint" name="test_returns_200_for_valid_request" time="0.006" /><testcase classname="tests.unit.api.test_cross_reference.TestCrossReferenceEndpoint" name="test_returns_expected_schema" time="0.005" /><testcase classname="tests.unit.api.test_cross_reference.TestCrossReferenceEndpoint" name="test_returns_422_for_missing_source" time="0.005" /><testcase classname="tests.unit.api.test_cross_reference.TestCrossReferenceEndpoint" name="test_returns_422_for_invalid_tier" time="0.004" /><testcase classname="tests.unit.api.test_cross_reference.TestCrossReferenceEndpoint" name="test_returns_422_for_negative_chapter" time="0.004" /><testcase classname="tests.unit.api.test_cross_reference.TestCrossReferenceRequestModel" name="test_request_model_validates_source_fields" time="0.000" /><testcase classname="tests.unit.api.test_cross_reference.TestCrossReferenceRequestModel" name="test_request_model_accepts_optional_config" time="0.000" /><testcase classname="tests.unit.api.test_cross_reference.TestCrossReferenceRequestModel" name="test_request_model_uses_defaults_for_config" time="0.000" /><testcase classname="tests.unit.api.test_cross_reference.TestCrossReferenceResponseModel" name="test_response_includes_citations_with_chicago_format" time="0.005" /><testcase classname="tests.unit.api.test_cross_reference.TestCrossReferenceResponseModel" name="test_response_includes_tier_coverage" time="0.005" /><testcase classname="tests.unit.api.test_cross_reference.TestCrossReferenceResponseModel" name="test_response_includes_processing_time" time="0.004" /><testcase classname="tests.unit.api.test_cross_reference.TestCrossReferenceErrorHandling" name="test_returns_500_on_agent_error" time="0.009" /><testcase classname="tests.unit.api.test_cross_reference.TestCrossReferenceErrorHandling" name="test_error_response_includes_message" time="0.004" /><testcase classname="tests.unit.api.test_cross_reference.TestHealthEndpoint" name="test_health_returns_200" time="0.019" /><testcase classname="tests.unit.api.test_cross_reference.TestHealthEndpoint" name="test_health_returns_status" time="0.004" /><testcase classname="tests.unit.api.test_cross_reference.TestHealthEndpoint" name="test_health_returns_agent_info" time="0.004" /><testcase classname="tests.unit.test_agents.test_cross_reference_agent.TestCrossReferenceAgent" name="test_agent_has_name" time="0.015" /><testcase classname="tests.unit.test_agents.test_cross_reference_agent.TestCrossReferenceAgent" name="test_agent_has_description" time="0.015" /><testcase classname="tests.unit.test_agents.test_cross_reference_agent.TestCrossReferenceAgent" name="test_validate_input_valid" time="0.016" /><testcase classname="tests.unit.test_agents.test_cross_reference_agent.TestCrossReferenceAgent" name="test_validate_input_missing_book" time="0.016" /><testcase classname="tests.unit.test_agents.test_cross_reference_agent.TestCrossReferenceAgent" name="test_validate_input_invalid_tier" time="0.015" /><testcase classname="tests.unit.test_agents.test_cross_reference_agent.TestCrossReferenceAgent" name="test_run_returns_result" time="0.018" /><testcase classname="tests.unit.test_agents.test_cross_reference_agent.TestCrossReferenceAgent" name="test_run_result_has_annotation" time="0.018" /><testcase classname="tests.unit.test_agents.test_cross_reference_agent.TestCrossReferenceAgent" name="test_run_result_has_tier_coverage" time="0.018" /><testcase classname="tests.unit.test_agents.test_cross_reference_agent.TestCrossReferenceAgentWorkflow" name="test_workflow_has_nodes" time="0.015" /><testcase classname="tests.unit.test_agents.test_cross_reference_agent.TestCrossReferenceAgentWorkflow" name="test_workflow_is_compilable" time="0.029" /><testcase classname="tests.unit.test_agents.test_cross_reference_agent.TestCrossReferenceAgentWorkflow" name="test_workflow_executes_nodes_in_order" time="0.018" /><testcase classname="tests.unit.test_agents.test_cross_reference_nodes.TestAnalyzeSourceNode" name="test_analyze_source_extracts_concepts" time="0.001" /><testcase classname="tests.unit.test_agents.test_cross_reference_nodes.TestAnalyzeSourceNode" name="test_analyze_source_uses_existing_keywords" time="0.001" /><testcase classname="tests.unit.test_agents.test_cross_reference_nodes.TestAnalyzeSourceNode" name="test_analyze_source_extracts_from_content_with_llm" time="0.001" /><testcase classname="tests.unit.test_agents.test_cross_reference_nodes.TestAnalyzeSourceNode" name="test_analyze_source_handles_empty_content" time="0.001" /><testcase classname="tests.unit.test_agents.test_cross_reference_nodes.TestAnalyzeSourceNode" name="test_analyze_source_handles_whitespace_content" time="0.001" /><testcase classname="tests.unit.test_agents.test_cross_reference_nodes.TestSearchTaxonomyNode" name="test_search_taxonomy_finds_matches" time="0.001" /><testcase classname="tests.unit.test_agents.test_cross_reference_nodes.TestSearchTaxonomyNode" name="test_search_taxonomy_respects_tier_config" time="0.001" /><testcase classname="tests.unit.test_agents.test_cross_reference_nodes.TestSearchTaxonomyNode" name="test_search_taxonomy_handles_no_concepts" time="0.001" /><testcase classname="tests.unit.test_agents.test_cross_reference_nodes.TestSearchTaxonomyNode" name="test_search_taxonomy_converts_to_chapter_match" time="0.001" /><testcase classname="tests.unit.test_agents.test_cross_reference_nodes.TestTraverseGraphNode" name="test_traverse_graph_creates_paths" time="0.002" /><testcase classname="tests.unit.test_agents.test_cross_reference_nodes.TestTraverseGraphNode" name="test_traverse_graph_respects_max_hops" time="0.001" /><testcase classname="tests.unit.test_agents.test_cross_reference_nodes.TestTraverseGraphNode" name="test_traverse_graph_detects_cycles" time="0.002" /><testcase classname="tests.unit.test_agents.test_cross_reference_nodes.TestTraverseGraphNode" name="test_traverse_graph_handles_no_matches" time="0.001" /><testcase classname="tests.unit.test_agents.test_cross_reference_nodes.TestRetrieveContentNode" name="test_retrieve_content_fetches_chapters" time="0.002" /><testcase classname="tests.unit.test_agents.test_cross_reference_nodes.TestRetrieveContentNode" name="test_retrieve_content_includes_page_range" time="0.002" /><testcase classname="tests.unit.test_agents.test_cross_reference_nodes.TestRetrieveContentNode" name="test_retrieve_content_validates_matches" time="0.002" /><testcase classname="tests.unit.test_agents.test_cross_reference_nodes.TestRetrieveContentNode" name="test_retrieve_content_handles_missing" time="0.002" /><testcase classname="tests.unit.test_agents.test_cross_reference_nodes.TestSynthesizeNode" name="test_synthesize_generates_annotation" time="0.001" /><testcase classname="tests.unit.test_agents.test_cross_reference_nodes.TestSynthesizeNode" name="test_synthesize_includes_citations" time="0.001" /><testcase classname="tests.unit.test_agents.test_cross_reference_nodes.TestSynthesizeNode" name="test_synthesize_citations_are_chicago_format" time="0.001" /><testcase classname="tests.unit.test_agents.test_cross_reference_nodes.TestSynthesizeNode" name="test_synthesize_includes_tier_coverage" time="0.001" /><testcase classname="tests.unit.test_agents.test_cross_reference_nodes.TestSynthesizeNode" name="test_synthesize_records_model_used" time="0.002" /><testcase classname="tests.unit.test_agents.test_cross_reference_nodes.TestSynthesizeNode" name="test_synthesize_handles_empty_matches" time="0.001" /><testcase classname="tests.unit.test_agents.test_cross_reference_nodes.TestSynthesizeNode" name="test_synthesize_uses_llm_client" time="0.002" /><testcase classname="tests.unit.test_agents.test_cross_reference_tools.TestTaxonomyTools" name="test_search_taxonomy_returns_empty_results" time="0.001" /><testcase classname="tests.unit.test_agents.test_cross_reference_tools.TestTaxonomyTools" name="test_search_similar_returns_empty_results" time="0.001" /><testcase classname="tests.unit.test_agents.test_cross_reference_tools.TestMetadataTools" name="test_get_chapter_metadata_returns_empty" time="0.001" /><testcase classname="tests.unit.test_agents.test_cross_reference_tools.TestContentTools" name="test_get_chapter_text_returns_empty" time="0.001" /><testcase classname="tests.unit.test_agents.test_cross_reference_tools.TestGraphTools" name="test_traverse_graph_returns_empty_paths" time="0.001" /><testcase classname="tests.unit.test_base_agent.TestBaseAgent" name="test_base_agent_is_abstract" time="0.001" /><testcase classname="tests.unit.test_base_agent.TestBaseAgent" name="test_base_agent_requires_description" time="0.000" /><testcase classname="tests.unit.test_base_agent.TestBaseAgent" name="test_base_agent_subclass_can_be_instantiated" time="0.000" /><testcase classname="tests.unit.test_base_agent.TestBaseAgent" name="test_base_agent_inherits_from_abc" time="0.000" /><testcase classname="tests.unit.test_base_agent.TestBaseAgentMethods" name="test_run_method_is_async" time="0.000" /><testcase classname="tests.unit.test_base_agent.TestBaseAgentMethods" name="test_validate_input_is_async" time="0.000" /><testcase classname="tests.unit.test_base_agent.TestBaseAgentMethods" name="test_description_property" time="0.000" /><testcase classname="tests.unit.test_base_agent.TestBaseAgentValidation" name="test_validation_can_reject_invalid_input" time="0.001" /><testcase classname="tests.unit.test_base_agent.TestBaseAgentValidation" name="test_agent_repr" time="0.000" /><testcase classname="tests.unit.test_config.TestSettings" name="test_settings_default_values" time="0.002" /><testcase classname="tests.unit.test_config.TestSettings" name="test_settings_from_environment" time="0.002" /><testcase classname="tests.unit.test_config.TestSettings" name="test_settings_env_prefix" time="0.002" /><testcase classname="tests.unit.test_config.TestSettings" name="test_settings_agent_configs" time="0.001" /><testcase classname="tests.unit.test_config.TestSettings" name="test_settings_timeout_defaults" time="0.001" /><testcase classname="tests.unit.test_config.TestGetSettings" name="test_get_settings_returns_settings" time="0.001" /><testcase classname="tests.unit.test_config.TestGetSettings" name="test_get_settings_is_cached" time="0.001" /><testcase classname="tests.unit.test_config.TestGetSettings" name="test_get_settings_cache_can_be_cleared" time="0.001" /><testcase classname="tests.unit.test_exceptions.TestAgentError" name="test_agent_error_is_exception" time="0.000" /><testcase classname="tests.unit.test_exceptions.TestAgentError" name="test_agent_error_message" time="0.000" /><testcase classname="tests.unit.test_exceptions.TestAgentError" name="test_agent_error_can_be_raised" time="0.000" /><testcase classname="tests.unit.test_exceptions.TestAgentError" name="test_agent_error_caught_as_exception" time="0.000" /><testcase classname="tests.unit.test_exceptions.TestAgentConnectionError" name="test_connection_error_inherits_agent_error" time="0.000" /><testcase classname="tests.unit.test_exceptions.TestAgentConnectionError" name="test_connection_error_stores_service" time="0.000" /><testcase classname="tests.unit.test_exceptions.TestAgentConnectionError" name="test_connection_error_stores_host" time="0.000" /><testcase classname="tests.unit.test_exceptions.TestAgentConnectionError" name="test_connection_error_without_optional_fields" time="0.000" /><testcase classname="tests.unit.test_exceptions.TestAgentExecutionError" name="test_execution_error_inherits_agent_error" time="0.000" /><testcase classname="tests.unit.test_exceptions.TestAgentExecutionError" name="test_execution_error_stores_step" time="0.000" /><testcase classname="tests.unit.test_exceptions.TestAgentExecutionError" name="test_execution_error_stores_cause" time="0.000" /><testcase classname="tests.unit.test_exceptions.TestAgentExecutionError" name="test_execution_error_chains_exceptions" time="0.000" /><testcase classname="tests.unit.test_exceptions.TestAgentValidationError" name="test_validation_error_inherits_agent_error" time="0.000" /><testcase classname="tests.unit.test_exceptions.TestAgentValidationError" name="test_validation_error_stores_field" time="0.000" /><testcase classname="tests.unit.test_exceptions.TestAgentValidationError" name="test_validation_error_stores_value" time="0.000" /><testcase classname="tests.unit.test_exceptions.TestAgentValidationError" name="test_validation_error_for_multiple_fields" time="0.000" /><testcase classname="tests.unit.test_exceptions.TestAgentTimeoutError" name="test_timeout_error_inherits_agent_error" time="0.000" /><testcase classname="tests.unit.test_exceptions.TestAgentTimeoutError" name="test_timeout_error_stores_operation" time="0.000" /><testcase classname="tests.unit.test_exceptions.TestAgentTimeoutError" name="test_timeout_error_stores_timeout_seconds" time="0.000" /><testcase classname="tests.unit.test_exceptions.TestAgentTimeoutError" name="test_timeout_error_stores_elapsed" time="0.000" /><testcase classname="tests.unit.test_exceptions.TestExceptionHierarchy" name="test_all_exceptions_inherit_from_agent_error" time="0.000" /><testcase classname="tests.unit.test_exceptions.TestExceptionHierarchy" name="test_exceptions_do_not_shadow_builtins" time="0.000" /><testcase classname="tests.unit.test_exceptions.TestExceptionHierarchy" name="test_catching_agent_error_catches_all_custom" time="0.000" /><testcase classname="tests.unit.test_formatters.test_chicago.TestChicagoCitation" name="test_create_basic_citation" time="0.001" /><testcase classname="tests.unit.test_formatters.test_chicago.TestChicagoCitation" name="test_citation_requires_title" time="0.000" /><testcase classname="tests.unit.test_formatters.test_chicago.TestChicagoCitation" name="test_citation_tier_validation" time="0.000" /><testcase classname="tests.unit.test_formatters.test_chicago.TestChicagoCitation" name="test_citation_optional_fields" time="0.000" /><testcase classname="tests.unit.test_formatters.test_chicago.TestChicagoFormatter" name="test_format_footnote_basic" time="0.001" /><testcase classname="tests.unit.test_formatters.test_chicago.TestChicagoFormatter" name="test_format_footnote_includes_pages" time="0.001" /><testcase classname="tests.unit.test_formatters.test_chicago.TestChicagoFormatter" name="test_format_footnote_sequential_numbers" time="0.001" /><testcase classname="tests.unit.test_formatters.test_chicago.TestChicagoFormatter" name="test_format_bibliography_entry" time="0.001" /><testcase classname="tests.unit.test_formatters.test_chicago.TestChicagoFormatter" name="test_format_inline_reference" time="0.001" /><testcase classname="tests.unit.test_formatters.test_chicago.TestChicagoFormatter" name="test_format_multiple_citations" time="0.000" /><testcase classname="tests.unit.test_formatters.test_chicago.TestChicagoFormatterEdgeCases" name="test_format_citation_without_author" time="0.000" /><testcase classname="tests.unit.test_formatters.test_chicago.TestChicagoFormatterEdgeCases" name="test_format_citation_without_pages" time="0.000" /><testcase classname="tests.unit.test_formatters.test_chicago.TestChicagoFormatterEdgeCases" name="test_format_citation_with_chapter_title" time="0.000" /><testcase classname="tests.unit.test_formatters.test_chicago.TestModuleFunctions" name="test_format_citation_function" time="0.000" /><testcase classname="tests.unit.test_formatters.test_chicago.TestModuleFunctions" name="test_format_footnote_function" time="0.000" /><testcase classname="tests.unit.test_formatters.test_chicago.TestModuleFunctions" name="test_format_bibliography_entry_function" time="0.000" /><testcase classname="tests.unit.test_formatters.test_chicago.TestTierOrdering" name="test_citations_sorted_by_tier" time="0.001" /><testcase classname="tests.unit.test_formatters.test_chicago.TestTierOrdering" name="test_format_by_tier_groups" time="0.001" /><testcase classname="tests.unit.test_state.TestRelationshipType" name="test_relationship_type_values" time="0.000" /><testcase classname="tests.unit.test_state.TestRelationshipType" name="test_relationship_type_from_string" time="0.000" /><testcase classname="tests.unit.test_state.TestSourceChapter" name="test_source_chapter_required_fields" time="0.000" /><testcase classname="tests.unit.test_state.TestSourceChapter" name="test_source_chapter_optional_fields" time="0.000" /><testcase classname="tests.unit.test_state.TestSourceChapter" name="test_source_chapter_with_metadata" time="0.000" /><testcase classname="tests.unit.test_state.TestSourceChapter" name="test_source_chapter_invalid_chapter_number" time="0.001" /><testcase classname="tests.unit.test_state.TestSourceChapter" name="test_source_chapter_invalid_tier" time="0.000" /><testcase classname="tests.unit.test_state.TestTraversalConfig" name="test_traversal_config_defaults" time="0.000" /><testcase classname="tests.unit.test_state.TestTraversalConfig" name="test_traversal_config_custom_values" time="0.000" /><testcase classname="tests.unit.test_state.TestTraversalConfig" name="test_traversal_config_max_hops_bounds" time="0.001" /><testcase classname="tests.unit.test_state.TestTraversalConfig" name="test_traversal_config_min_similarity_bounds" time="0.000" /><testcase classname="tests.unit.test_state.TestGraphNode" name="test_graph_node_creation" time="0.000" /><testcase classname="tests.unit.test_state.TestGraphNode" name="test_graph_node_with_relationship" time="0.000" /><testcase classname="tests.unit.test_state.TestChapterMatch" name="test_chapter_match_creation" time="0.000" /><testcase classname="tests.unit.test_state.TestChapterMatch" name="test_chapter_match_similarity_bounds" time="0.001" /><testcase classname="tests.unit.test_state.TestTraversalPath" name="test_traversal_path_creation" time="0.001" /><testcase classname="tests.unit.test_state.TestCitation" name="test_citation_creation" time="0.000" /><testcase classname="tests.unit.test_state.TestCitation" name="test_citation_to_chicago_format" time="0.000" /><testcase classname="tests.unit.test_state.TestTierCoverage" name="test_tier_coverage_creation" time="0.000" /><testcase classname="tests.unit.test_state.TestCrossReferenceResult" name="test_result_creation" time="0.000" /><testcase classname="tests.unit.test_state.TestCrossReferenceState" name="test_state_creation_minimal" time="0.000" /><testcase classname="tests.unit.test_state.TestCrossReferenceState" name="test_state_default_lists" time="0.000" /><testcase classname="tests.unit.test_state.TestCrossReferenceState" name="test_state_immutability_warning" time="0.001" /></testsuite></testsuites>